AR rsr dataflow "C:/Users/wortenmajadahonda/Documents/UPM/SED Sist Electronicos Digitales/MULTIPLICADOR_Nbits/Register.vhd" sub00/vhpl05 1389319213
EN rsr NULL "C:/Users/wortenmajadahonda/Documents/UPM/SED Sist Electronicos Digitales/MULTIPLICADOR_Nbits/Register.vhd" sub00/vhpl04 1389319212
AR lsr dataflow "C:/Users/wortenmajadahonda/Documents/UPM/SED Sist Electronicos Digitales/MULTIPLICADOR_Nbits/LSR.vhd" sub00/vhpl03 1389324494
EN lsr NULL "C:/Users/wortenmajadahonda/Documents/UPM/SED Sist Electronicos Digitales/MULTIPLICADOR_Nbits/LSR.vhd" sub00/vhpl02 1389324493
AR registro behavioral_rsr "C:/Users/wortenmajadahonda/Documents/UPM/SED Sist Electronicos Digitales/MULTIPLICADOR_Nbits/Register.vhd" sub00/vhpl01 1389315751
EN registro NULL "C:/Users/wortenmajadahonda/Documents/UPM/SED Sist Electronicos Digitales/MULTIPLICADOR_Nbits/Register.vhd" sub00/vhpl00 1389315750
