AR rsr dataflow C:/Users/Guss/Documents/GitHub/MULTIPLICADOR_Nbits/MULTIPLICADOR_Nbits/RSR.vhd sub00/vhpl05 1389623856
EN rsr NULL C:/Users/Guss/Documents/GitHub/MULTIPLICADOR_Nbits/MULTIPLICADOR_Nbits/RSR.vhd sub00/vhpl04 1389623855
AR lsr dataflow C:/Users/Guss/Documents/GitHub/MULTIPLICADOR_Nbits/MULTIPLICADOR_Nbits/LSR.vhd sub00/vhpl03 1389623854
AR acc dataflow C:/Users/wortenmajadahonda/Documents/GitHub/MULTIPLICADOR_Nbits/MULTIPLICADOR_Nbits/ACC.vhd sub00/vhpl08 1389532175
EN top NULL C:/Users/Guss/Documents/GitHub/MULTIPLICADOR_Nbits/MULTIPLICADOR_Nbits/TOP.vhd sub00/vhpl15 1389623859
AR controller dataflow C:/Users/Guss/Documents/GitHub/MULTIPLICADOR_Nbits/MULTIPLICADOR_Nbits/CONTROLLER.vhd sub00/vhpl10 1389612392
AR comparator dataflow C:/Users/Guss/Documents/GitHub/MULTIPLICADOR_Nbits/MULTIPLICADOR_Nbits/COMPARATOR.vhd sub00/vhpl14 1389623858
EN lsr NULL C:/Users/Guss/Documents/GitHub/MULTIPLICADOR_Nbits/MULTIPLICADOR_Nbits/LSR.vhd sub00/vhpl02 1389623853
EN single_adapt_c2 NULL C:/Users/Guss/Documents/GitHub/MULTIPLICADOR_Nbits/MULTIPLICADOR_Nbits/SINGLE_ADAPT_C2.vhd sub00/vhpl11 1389623851
EN acc NULL C:/Users/wortenmajadahonda/Documents/GitHub/MULTIPLICADOR_Nbits/MULTIPLICADOR_Nbits/ACC.vhd sub00/vhpl07 1389532174
AR registro behavioral_rsr "C:/Users/wortenmajadahonda/Documents/UPM/SED Sist Electronicos Digitales/MULTIPLICADOR_Nbits/Register.vhd" sub00/vhpl01 1389315751
EN comparator NULL C:/Users/Guss/Documents/GitHub/MULTIPLICADOR_Nbits/MULTIPLICADOR_Nbits/COMPARATOR.vhd sub00/vhpl13 1389623857
EN controller NULL C:/Users/Guss/Documents/GitHub/MULTIPLICADOR_Nbits/MULTIPLICADOR_Nbits/CONTROLLER.vhd sub00/vhpl06 1389612391
AR controller behavioral C:/Users/wortenmajadahonda/Documents/GitHub/MULTIPLICADOR_Nbits/MULTIPLICADOR_Nbits/CONTROLLER.vhd sub00/vhpl09 1389561876
AR single_adapt_c2 behavioral C:/Users/Guss/Documents/GitHub/MULTIPLICADOR_Nbits/MULTIPLICADOR_Nbits/SINGLE_ADAPT_C2.vhd sub00/vhpl12 1389623852
EN registro NULL "C:/Users/wortenmajadahonda/Documents/UPM/SED Sist Electronicos Digitales/MULTIPLICADOR_Nbits/Register.vhd" sub00/vhpl00 1389315750
